QA output created by 009

creating image
Formatting 'TEST_DIR/t.IMGFMT', fmt=IMGFMT size=6442450944

creating pattern
wrote 4096/4096 bytes at offset 2097152
4 KiB, X ops; XX:XX:XX.X (XXX YYY/sec and XXX ops/sec)
wrote 4096/4096 bytes at offset 4096
4 KiB, X ops; XX:XX:XX.X (XXX YYY/sec and XXX ops/sec)
wrote 4096/4096 bytes at offset 9437184
4 KiB, X ops; XX:XX:XX.X (XXX YYY/sec and XXX ops/sec)
read 8192/8192 bytes at offset 2093056
8 KiB, X ops; XX:XX:XX.X (XXX YYY/sec and XXX ops/sec)

checking image for errors
No errors were found on the image.
*** done
