QA output created by 015

creating image
Formatting 'TEST_DIR/t.IMGFMT', fmt=IMGFMT size=37748736
creating first snapshot
wrote 37748736/37748736 bytes at offset 0
36 MiB, X ops; XX:XX:XX.X (XXX YYY/sec and XXX ops/sec)
creating second snapshot
wrote 37748736/37748736 bytes at offset 0
36 MiB, X ops; XX:XX:XX.X (XXX YYY/sec and XXX ops/sec)
checking first snapshot
read 37748736/37748736 bytes at offset 0
36 MiB, X ops; XX:XX:XX.X (XXX YYY/sec and XXX ops/sec)
checking second snapshot
read 37748736/37748736 bytes at offset 0
36 MiB, X ops; XX:XX:XX.X (XXX YYY/sec and XXX ops/sec)

checking image for errors
No errors were found on the image.
*** done
