QA output created by 029

Test loading internal snapshots where the L1 table of the snapshot
is smaller than the current L1 table.

Formatting 'TEST_DIR/t.IMGFMT', fmt=IMGFMT size=67108864
wrote 4096/4096 bytes at offset 0
4 KiB, X ops; XX:XX:XX.X (XXX YYY/sec and XXX ops/sec)
No errors were found on the image.
Formatting 'TEST_DIR/t.IMGFMT', fmt=IMGFMT size=16777216
wrote 4194304/4194304 bytes at offset 0
4 MiB, X ops; XX:XX:XX.X (XXX YYY/sec and XXX ops/sec)
No errors were found on the image.

Try using a huge VM state

Formatting 'TEST_DIR/t.IMGFMT', fmt=IMGFMT size=67108864
wrote 4096/4096 bytes at offset 1099511627776
4 KiB, X ops; XX:XX:XX.X (XXX YYY/sec and XXX ops/sec)
read 4096/4096 bytes at offset 1099511627776
4 KiB, X ops; XX:XX:XX.X (XXX YYY/sec and XXX ops/sec)
No errors were found on the image.

qcow2_snapshot_load_tmp() should take the L1 size from the snapshot

Formatting 'TEST_DIR/t.IMGFMT', fmt=IMGFMT size=67108864
*** done
