QA output created by 033
Formatting 'TEST_DIR/t.IMGFMT', fmt=IMGFMT size=134217728

=== Test aligned and misaligned write zeroes operations ===

== preparing image ==
wrote 1024/1024 bytes at offset 512
1 KiB, X ops; XX:XX:XX.X (XXX YYY/sec and XXX ops/sec)
wrote 1536/1536 bytes at offset 131072
1.500 KiB, X ops; XX:XX:XX.X (XXX YYY/sec and XXX ops/sec)
wrote 131072/131072 bytes at offset 1024
128 KiB, X ops; XX:XX:XX.X (XXX YYY/sec and XXX ops/sec)

== verifying patterns (1) ==
read 512/512 bytes at offset 512
512 bytes, X ops; XX:XX:XX.X (XXX YYY/sec and XXX ops/sec)
read 131072/131072 bytes at offset 1024
128 KiB, X ops; XX:XX:XX.X (XXX YYY/sec and XXX ops/sec)
read 512/512 bytes at offset 132096
512 bytes, X ops; XX:XX:XX.X (XXX YYY/sec and XXX ops/sec)

== rewriting zeroes ==
wrote 65536/65536 bytes at offset 65536
64 KiB, X ops; XX:XX:XX.X (XXX YYY/sec and XXX ops/sec)
wrote 65536/65536 bytes at offset 65536
64 KiB, X ops; XX:XX:XX.X (XXX YYY/sec and XXX ops/sec)

== verifying patterns (2) ==
read 131072/131072 bytes at offset 1024
128 KiB, X ops; XX:XX:XX.X (XXX YYY/sec and XXX ops/sec)

== rewriting unaligned zeroes ==
wrote 4096/4096 bytes at offset 0
4 KiB, X ops; XX:XX:XX.X (XXX YYY/sec and XXX ops/sec)
wrote 512/512 bytes at offset 512
512 bytes, X ops; XX:XX:XX.X (XXX YYY/sec and XXX ops/sec)

== verifying patterns (3) ==
read 512/512 bytes at offset 0
512 bytes, X ops; XX:XX:XX.X (XXX YYY/sec and XXX ops/sec)
read 512/512 bytes at offset 512
512 bytes, X ops; XX:XX:XX.X (XXX YYY/sec and XXX ops/sec)
read 3072/3072 bytes at offset 1024
3 KiB, X ops; XX:XX:XX.X (XXX YYY/sec and XXX ops/sec)


== preparing image ==
wrote 1024/1024 bytes at offset 512
1 KiB, X ops; XX:XX:XX.X (XXX YYY/sec and XXX ops/sec)
wrote 1536/1536 bytes at offset 131072
1.500 KiB, X ops; XX:XX:XX.X (XXX YYY/sec and XXX ops/sec)
wrote 131072/131072 bytes at offset 1024
128 KiB, X ops; XX:XX:XX.X (XXX YYY/sec and XXX ops/sec)

== verifying patterns (1) ==
read 512/512 bytes at offset 512
512 bytes, X ops; XX:XX:XX.X (XXX YYY/sec and XXX ops/sec)
read 131072/131072 bytes at offset 1024
128 KiB, X ops; XX:XX:XX.X (XXX YYY/sec and XXX ops/sec)
read 512/512 bytes at offset 132096
512 bytes, X ops; XX:XX:XX.X (XXX YYY/sec and XXX ops/sec)

== rewriting zeroes ==
wrote 65536/65536 bytes at offset 65536
64 KiB, X ops; XX:XX:XX.X (XXX YYY/sec and XXX ops/sec)
wrote 65536/65536 bytes at offset 65536
64 KiB, X ops; XX:XX:XX.X (XXX YYY/sec and XXX ops/sec)

== verifying patterns (2) ==
read 131072/131072 bytes at offset 1024
128 KiB, X ops; XX:XX:XX.X (XXX YYY/sec and XXX ops/sec)

== rewriting unaligned zeroes ==
wrote 4096/4096 bytes at offset 0
4 KiB, X ops; XX:XX:XX.X (XXX YYY/sec and XXX ops/sec)
wrote 512/512 bytes at offset 512
512 bytes, X ops; XX:XX:XX.X (XXX YYY/sec and XXX ops/sec)

== verifying patterns (3) ==
read 512/512 bytes at offset 0
512 bytes, X ops; XX:XX:XX.X (XXX YYY/sec and XXX ops/sec)
read 512/512 bytes at offset 512
512 bytes, X ops; XX:XX:XX.X (XXX YYY/sec and XXX ops/sec)
read 3072/3072 bytes at offset 1024
3 KiB, X ops; XX:XX:XX.X (XXX YYY/sec and XXX ops/sec)


== preparing image ==
wrote 1024/1024 bytes at offset 512
1 KiB, X ops; XX:XX:XX.X (XXX YYY/sec and XXX ops/sec)
wrote 1536/1536 bytes at offset 131072
1.500 KiB, X ops; XX:XX:XX.X (XXX YYY/sec and XXX ops/sec)
wrote 131072/131072 bytes at offset 1024
128 KiB, X ops; XX:XX:XX.X (XXX YYY/sec and XXX ops/sec)

== verifying patterns (1) ==
read 512/512 bytes at offset 512
512 bytes, X ops; XX:XX:XX.X (XXX YYY/sec and XXX ops/sec)
read 131072/131072 bytes at offset 1024
128 KiB, X ops; XX:XX:XX.X (XXX YYY/sec and XXX ops/sec)
read 512/512 bytes at offset 132096
512 bytes, X ops; XX:XX:XX.X (XXX YYY/sec and XXX ops/sec)

== rewriting zeroes ==
wrote 65536/65536 bytes at offset 65536
64 KiB, X ops; XX:XX:XX.X (XXX YYY/sec and XXX ops/sec)
wrote 65536/65536 bytes at offset 65536
64 KiB, X ops; XX:XX:XX.X (XXX YYY/sec and XXX ops/sec)

== verifying patterns (2) ==
read 131072/131072 bytes at offset 1024
128 KiB, X ops; XX:XX:XX.X (XXX YYY/sec and XXX ops/sec)

== rewriting unaligned zeroes ==
wrote 4096/4096 bytes at offset 0
4 KiB, X ops; XX:XX:XX.X (XXX YYY/sec and XXX ops/sec)
wrote 512/512 bytes at offset 512
512 bytes, X ops; XX:XX:XX.X (XXX YYY/sec and XXX ops/sec)

== verifying patterns (3) ==
read 512/512 bytes at offset 0
512 bytes, X ops; XX:XX:XX.X (XXX YYY/sec and XXX ops/sec)
read 512/512 bytes at offset 512
512 bytes, X ops; XX:XX:XX.X (XXX YYY/sec and XXX ops/sec)
read 3072/3072 bytes at offset 1024
3 KiB, X ops; XX:XX:XX.X (XXX YYY/sec and XXX ops/sec)


== preparing image ==
wrote 1024/1024 bytes at offset 512
1 KiB, X ops; XX:XX:XX.X (XXX YYY/sec and XXX ops/sec)
wrote 1536/1536 bytes at offset 131072
1.500 KiB, X ops; XX:XX:XX.X (XXX YYY/sec and XXX ops/sec)
wrote 131072/131072 bytes at offset 1024
128 KiB, X ops; XX:XX:XX.X (XXX YYY/sec and XXX ops/sec)

== verifying patterns (1) ==
read 512/512 bytes at offset 512
512 bytes, X ops; XX:XX:XX.X (XXX YYY/sec and XXX ops/sec)
read 131072/131072 bytes at offset 1024
128 KiB, X ops; XX:XX:XX.X (XXX YYY/sec and XXX ops/sec)
read 512/512 bytes at offset 132096
512 bytes, X ops; XX:XX:XX.X (XXX YYY/sec and XXX ops/sec)

== rewriting zeroes ==
wrote 65536/65536 bytes at offset 65536
64 KiB, X ops; XX:XX:XX.X (XXX YYY/sec and XXX ops/sec)
wrote 65536/65536 bytes at offset 65536
64 KiB, X ops; XX:XX:XX.X (XXX YYY/sec and XXX ops/sec)

== verifying patterns (2) ==
read 131072/131072 bytes at offset 1024
128 KiB, X ops; XX:XX:XX.X (XXX YYY/sec and XXX ops/sec)

== rewriting unaligned zeroes ==
wrote 4096/4096 bytes at offset 0
4 KiB, X ops; XX:XX:XX.X (XXX YYY/sec and XXX ops/sec)
wrote 512/512 bytes at offset 512
512 bytes, X ops; XX:XX:XX.X (XXX YYY/sec and XXX ops/sec)

== verifying patterns (3) ==
read 512/512 bytes at offset 0
512 bytes, X ops; XX:XX:XX.X (XXX YYY/sec and XXX ops/sec)
read 512/512 bytes at offset 512
512 bytes, X ops; XX:XX:XX.X (XXX YYY/sec and XXX ops/sec)
read 3072/3072 bytes at offset 1024
3 KiB, X ops; XX:XX:XX.X (XXX YYY/sec and XXX ops/sec)


=== Test misaligned write zeroes via truncate ===

Formatting 'TEST_DIR/t.IMGFMT', fmt=IMGFMT size=4194304
wrote 512/512 bytes at offset 0
512 bytes, X ops; XX:XX:XX.X (XXX YYY/sec and XXX ops/sec)
wrote 512/512 bytes at offset 2097152
512 bytes, X ops; XX:XX:XX.X (XXX YYY/sec and XXX ops/sec)
read 512/512 bytes at offset 0
512 bytes, X ops; XX:XX:XX.X (XXX YYY/sec and XXX ops/sec)

*** done
