QA output created by 036

=== Image with unknown incompatible feature bit ===

Formatting 'TEST_DIR/t.IMGFMT', fmt=IMGFMT size=67108864
incompatible_features     [63]
compatible_features       []
autoclear_features        []
qemu-img: Could not open 'TEST_DIR/t.IMGFMT': Unsupported IMGFMT feature(s): Unknown incompatible feature: 8000000000000000
qemu-img: Could not open 'TEST_DIR/t.IMGFMT': Unsupported IMGFMT feature(s): Test feature

=== Image with multiple incompatible feature bits ===

Formatting 'TEST_DIR/t.IMGFMT', fmt=IMGFMT size=67108864
qemu-img: Could not open 'TEST_DIR/t.IMGFMT': Unsupported IMGFMT feature(s): Unknown incompatible feature: e000000000000000
qemu-img: Could not open 'TEST_DIR/t.IMGFMT': Unsupported IMGFMT feature(s): Test feature, Unknown incompatible feature: 6000000000000000
qemu-img: Could not open 'TEST_DIR/t.IMGFMT': Unsupported IMGFMT feature(s): Test feature, Unknown incompatible feature: c000000000000000
qemu-img: Could not open 'TEST_DIR/t.IMGFMT': Unsupported IMGFMT feature(s): test1, test2, Unknown incompatible feature: 8000000000000000
qemu-img: Could not open 'TEST_DIR/t.IMGFMT': Unsupported IMGFMT feature(s): test1, test2, test3
qemu-img: Could not open 'TEST_DIR/t.IMGFMT': Unsupported IMGFMT feature(s): test2, Unknown incompatible feature: a000000000000000
=== Create image with unknown autoclear feature bit ===

Formatting 'TEST_DIR/t.IMGFMT', fmt=IMGFMT size=67108864
incompatible_features     []
compatible_features       []
autoclear_features        [63]
Header extension:
magic                     0x6803f857 (Feature table)
length                    384
data                      <binary>


=== Repair image ===

No errors were found on the image.
incompatible_features     []
compatible_features       []
autoclear_features        []
Header extension:
magic                     0x6803f857 (Feature table)
length                    384
data                      <binary>

*** done
