........................................
----------------------------------------------------------------------
Ran 40 tests

OK
