............
----------------------------------------------------------------------
Ran 12 tests

OK
