QA output created by 066

=== Testing cluster discards ===

Formatting 'TEST_DIR/t.IMGFMT', fmt=IMGFMT size=67109376
wrote 262144/262144 bytes at offset 0
256 KiB, X ops; XX:XX:XX.X (XXX YYY/sec and XXX ops/sec)
wrote 262144/262144 bytes at offset 0
256 KiB, X ops; XX:XX:XX.X (XXX YYY/sec and XXX ops/sec)
wrote 512/512 bytes at offset 67108864
512 bytes, X ops; XX:XX:XX.X (XXX YYY/sec and XXX ops/sec)
discard 67109376/67109376 bytes at offset 0
64 MiB, X ops; XX:XX:XX.X (XXX YYY/sec and XXX ops/sec)
read 67109376/67109376 bytes at offset 0
64 MiB, X ops; XX:XX:XX.X (XXX YYY/sec and XXX ops/sec)
No errors were found on the image.
Offset          Length          Mapped to       File

=== Writing to preallocated zero clusters ===

Formatting 'TEST_DIR/t.IMGFMT', fmt=IMGFMT size=67109376
wrote 262144/262144 bytes at offset 1048576
256 KiB, X ops; XX:XX:XX.X (XXX YYY/sec and XXX ops/sec)
wrote 262144/262144 bytes at offset 1048576
256 KiB, X ops; XX:XX:XX.X (XXX YYY/sec and XXX ops/sec)
wrote 196608/196608 bytes at offset 1081344
192 KiB, X ops; XX:XX:XX.X (XXX YYY/sec and XXX ops/sec)
No errors were found on the image.
read 32768/32768 bytes at offset 1048576
32 KiB, X ops; XX:XX:XX.X (XXX YYY/sec and XXX ops/sec)
read 196608/196608 bytes at offset 1081344
192 KiB, X ops; XX:XX:XX.X (XXX YYY/sec and XXX ops/sec)
read 32768/32768 bytes at offset 1277952
32 KiB, X ops; XX:XX:XX.X (XXX YYY/sec and XXX ops/sec)
Successfully reused original clusters.

=== Writing to a snapshotted preallocated zero cluster ===

Formatting 'TEST_DIR/t.IMGFMT', fmt=IMGFMT size=65536
wrote 65536/65536 bytes at offset 0
64 KiB, X ops; XX:XX:XX.X (XXX YYY/sec and XXX ops/sec)
wrote 65536/65536 bytes at offset 0
64 KiB, X ops; XX:XX:XX.X (XXX YYY/sec and XXX ops/sec)
wrote 65536/65536 bytes at offset 0
64 KiB, X ops; XX:XX:XX.X (XXX YYY/sec and XXX ops/sec)
No errors were found on the image.
read 65536/65536 bytes at offset 0
64 KiB, X ops; XX:XX:XX.X (XXX YYY/sec and XXX ops/sec)
read 65536/65536 bytes at offset 0
64 KiB, X ops; XX:XX:XX.X (XXX YYY/sec and XXX ops/sec)

=== Consecutive write to a preallocated zero cluster ===

Formatting 'TEST_DIR/t.IMGFMT', fmt=IMGFMT size=196608
wrote 196608/196608 bytes at offset 0
192 KiB, X ops; XX:XX:XX.X (XXX YYY/sec and XXX ops/sec)
wrote 65536/65536 bytes at offset 65536
64 KiB, X ops; XX:XX:XX.X (XXX YYY/sec and XXX ops/sec)
wrote 196608/196608 bytes at offset 0
192 KiB, X ops; XX:XX:XX.X (XXX YYY/sec and XXX ops/sec)
No errors were found on the image.
Successfully reused original clusters.
*** done
