QA output created by 076

== Read from a valid v1 image ==
read 65536/65536 bytes at offset 0
64 KiB, X ops; XX:XX:XX.X (XXX YYY/sec and XXX ops/sec)

== Negative catalog size ==
qemu-io: can't open device TEST_DIR/parallels-v1: Catalog too large

== Overflow in catalog allocation ==
qemu-io: can't open device TEST_DIR/parallels-v1: Catalog too large

== Zero sectors per track ==
qemu-io: can't open device TEST_DIR/parallels-v1: Invalid image: Zero sectors per track

== Read from a valid v2 image ==
read 65536/65536 bytes at offset 0
64 KiB, X ops; XX:XX:XX.X (XXX YYY/sec and XXX ops/sec)
wrote 1024/1024 bytes at offset 1048576
1 KiB, X ops; XX:XX:XX.X (XXX YYY/sec and XXX ops/sec)
wrote 1024/1024 bytes at offset 1049600
1 KiB, X ops; XX:XX:XX.X (XXX YYY/sec and XXX ops/sec)
read 1024/1024 bytes at offset 1048576
1 KiB, X ops; XX:XX:XX.X (XXX YYY/sec and XXX ops/sec)
read 1024/1024 bytes at offset 1049600
1 KiB, X ops; XX:XX:XX.X (XXX YYY/sec and XXX ops/sec)
read 63488/63488 bytes at offset 1050624
62 KiB, X ops; XX:XX:XX.X (XXX YYY/sec and XXX ops/sec)
*** done
