QA output created by 077
Formatting 'TEST_DIR/t.IMGFMT', fmt=IMGFMT size=134217728

== Some concurrent requests involving RMW ==
wrote XXX/XXX bytes at offset XXX
XXX bytes, X ops; XX:XX:XX.X (XXX YYY/sec and XXX ops/sec)
wrote XXX/XXX bytes at offset XXX
XXX bytes, X ops; XX:XX:XX.X (XXX YYY/sec and XXX ops/sec)
wrote XXX/XXX bytes at offset XXX
XXX bytes, X ops; XX:XX:XX.X (XXX YYY/sec and XXX ops/sec)
wrote XXX/XXX bytes at offset XXX
XXX bytes, X ops; XX:XX:XX.X (XXX YYY/sec and XXX ops/sec)
wrote XXX/XXX bytes at offset XXX
XXX bytes, X ops; XX:XX:XX.X (XXX YYY/sec and XXX ops/sec)
wrote XXX/XXX bytes at offset XXX
XXX bytes, X ops; XX:XX:XX.X (XXX YYY/sec and XXX ops/sec)
wrote XXX/XXX bytes at offset XXX
XXX bytes, X ops; XX:XX:XX.X (XXX YYY/sec and XXX ops/sec)
wrote XXX/XXX bytes at offset XXX
XXX bytes, X ops; XX:XX:XX.X (XXX YYY/sec and XXX ops/sec)
wrote XXX/XXX bytes at offset XXX
XXX bytes, X ops; XX:XX:XX.X (XXX YYY/sec and XXX ops/sec)
wrote XXX/XXX bytes at offset XXX
XXX bytes, X ops; XX:XX:XX.X (XXX YYY/sec and XXX ops/sec)
wrote XXX/XXX bytes at offset XXX
XXX bytes, X ops; XX:XX:XX.X (XXX YYY/sec and XXX ops/sec)
wrote XXX/XXX bytes at offset XXX
XXX bytes, X ops; XX:XX:XX.X (XXX YYY/sec and XXX ops/sec)
wrote XXX/XXX bytes at offset XXX
XXX bytes, X ops; XX:XX:XX.X (XXX YYY/sec and XXX ops/sec)
wrote XXX/XXX bytes at offset XXX
XXX bytes, X ops; XX:XX:XX.X (XXX YYY/sec and XXX ops/sec)
wrote XXX/XXX bytes at offset XXX
XXX bytes, X ops; XX:XX:XX.X (XXX YYY/sec and XXX ops/sec)
wrote XXX/XXX bytes at offset XXX
XXX bytes, X ops; XX:XX:XX.X (XXX YYY/sec and XXX ops/sec)
wrote XXX/XXX bytes at offset XXX
XXX bytes, X ops; XX:XX:XX.X (XXX YYY/sec and XXX ops/sec)
wrote XXX/XXX bytes at offset XXX
XXX bytes, X ops; XX:XX:XX.X (XXX YYY/sec and XXX ops/sec)
wrote XXX/XXX bytes at offset XXX
XXX bytes, X ops; XX:XX:XX.X (XXX YYY/sec and XXX ops/sec)
wrote XXX/XXX bytes at offset XXX
XXX bytes, X ops; XX:XX:XX.X (XXX YYY/sec and XXX ops/sec)
wrote XXX/XXX bytes at offset XXX
XXX bytes, X ops; XX:XX:XX.X (XXX YYY/sec and XXX ops/sec)
wrote XXX/XXX bytes at offset XXX
XXX bytes, X ops; XX:XX:XX.X (XXX YYY/sec and XXX ops/sec)
wrote XXX/XXX bytes at offset XXX
XXX bytes, X ops; XX:XX:XX.X (XXX YYY/sec and XXX ops/sec)
wrote XXX/XXX bytes at offset XXX
XXX bytes, X ops; XX:XX:XX.X (XXX YYY/sec and XXX ops/sec)
wrote XXX/XXX bytes at offset XXX
XXX bytes, X ops; XX:XX:XX.X (XXX YYY/sec and XXX ops/sec)
wrote XXX/XXX bytes at offset XXX
XXX bytes, X ops; XX:XX:XX.X (XXX YYY/sec and XXX ops/sec)
wrote XXX/XXX bytes at offset XXX
XXX bytes, X ops; XX:XX:XX.X (XXX YYY/sec and XXX ops/sec)
wrote XXX/XXX bytes at offset XXX
XXX bytes, X ops; XX:XX:XX.X (XXX YYY/sec and XXX ops/sec)
wrote XXX/XXX bytes at offset XXX
XXX bytes, X ops; XX:XX:XX.X (XXX YYY/sec and XXX ops/sec)
wrote XXX/XXX bytes at offset XXX
XXX bytes, X ops; XX:XX:XX.X (XXX YYY/sec and XXX ops/sec)
wrote XXX/XXX bytes at offset XXX
XXX bytes, X ops; XX:XX:XX.X (XXX YYY/sec and XXX ops/sec)

== Verify image content ==
read 512/512 bytes at offset 0
512 bytes, X ops; XX:XX:XX.X (XXX YYY/sec and XXX ops/sec)
read 512/512 bytes at offset 512
512 bytes, X ops; XX:XX:XX.X (XXX YYY/sec and XXX ops/sec)
read 3072/3072 bytes at offset 1024
3 KiB, X ops; XX:XX:XX.X (XXX YYY/sec and XXX ops/sec)
read 512/512 bytes at offset 4096
512 bytes, X ops; XX:XX:XX.X (XXX YYY/sec and XXX ops/sec)
read 512/512 bytes at offset 4608
512 bytes, X ops; XX:XX:XX.X (XXX YYY/sec and XXX ops/sec)
read 512/512 bytes at offset 5120
512 bytes, X ops; XX:XX:XX.X (XXX YYY/sec and XXX ops/sec)
read 2560/2560 bytes at offset 5632
2.500 KiB, X ops; XX:XX:XX.X (XXX YYY/sec and XXX ops/sec)
read 512/512 bytes at offset 8192
512 bytes, X ops; XX:XX:XX.X (XXX YYY/sec and XXX ops/sec)
read 512/512 bytes at offset 8704
512 bytes, X ops; XX:XX:XX.X (XXX YYY/sec and XXX ops/sec)
read 512/512 bytes at offset 9216
512 bytes, X ops; XX:XX:XX.X (XXX YYY/sec and XXX ops/sec)
read 2560/2560 bytes at offset 9728
2.500 KiB, X ops; XX:XX:XX.X (XXX YYY/sec and XXX ops/sec)
read 512/512 bytes at offset 20480
512 bytes, X ops; XX:XX:XX.X (XXX YYY/sec and XXX ops/sec)
read 512/512 bytes at offset 20992
512 bytes, X ops; XX:XX:XX.X (XXX YYY/sec and XXX ops/sec)
read 512/512 bytes at offset 21504
512 bytes, X ops; XX:XX:XX.X (XXX YYY/sec and XXX ops/sec)
read 512/512 bytes at offset 22016
512 bytes, X ops; XX:XX:XX.X (XXX YYY/sec and XXX ops/sec)
read 512/512 bytes at offset 22528
512 bytes, X ops; XX:XX:XX.X (XXX YYY/sec and XXX ops/sec)
read 512/512 bytes at offset 23040
512 bytes, X ops; XX:XX:XX.X (XXX YYY/sec and XXX ops/sec)
read 512/512 bytes at offset 23552
512 bytes, X ops; XX:XX:XX.X (XXX YYY/sec and XXX ops/sec)
read 512/512 bytes at offset 24064
512 bytes, X ops; XX:XX:XX.X (XXX YYY/sec and XXX ops/sec)
read 512/512 bytes at offset 24576
512 bytes, X ops; XX:XX:XX.X (XXX YYY/sec and XXX ops/sec)
read 1536/1536 bytes at offset 25088
1.500 KiB, X ops; XX:XX:XX.X (XXX YYY/sec and XXX ops/sec)
read 4096/4096 bytes at offset 26624
4 KiB, X ops; XX:XX:XX.X (XXX YYY/sec and XXX ops/sec)
read 1536/1536 bytes at offset 30720
1.500 KiB, X ops; XX:XX:XX.X (XXX YYY/sec and XXX ops/sec)
read 512/512 bytes at offset 32256
512 bytes, X ops; XX:XX:XX.X (XXX YYY/sec and XXX ops/sec)
read 512/512 bytes at offset 32768
512 bytes, X ops; XX:XX:XX.X (XXX YYY/sec and XXX ops/sec)
read 1536/1536 bytes at offset 33280
1.500 KiB, X ops; XX:XX:XX.X (XXX YYY/sec and XXX ops/sec)
read 4096/4096 bytes at offset 34816
4 KiB, X ops; XX:XX:XX.X (XXX YYY/sec and XXX ops/sec)
read 1536/1536 bytes at offset 38912
1.500 KiB, X ops; XX:XX:XX.X (XXX YYY/sec and XXX ops/sec)
read 512/512 bytes at offset 40448
512 bytes, X ops; XX:XX:XX.X (XXX YYY/sec and XXX ops/sec)
read 512/512 bytes at offset 40960
512 bytes, X ops; XX:XX:XX.X (XXX YYY/sec and XXX ops/sec)
read 1536/1536 bytes at offset 41472
1.500 KiB, X ops; XX:XX:XX.X (XXX YYY/sec and XXX ops/sec)
read 4096/4096 bytes at offset 43008
4 KiB, X ops; XX:XX:XX.X (XXX YYY/sec and XXX ops/sec)
read 1536/1536 bytes at offset 47104
1.500 KiB, X ops; XX:XX:XX.X (XXX YYY/sec and XXX ops/sec)
read 512/512 bytes at offset 48640
512 bytes, X ops; XX:XX:XX.X (XXX YYY/sec and XXX ops/sec)
read 512/512 bytes at offset 49152
512 bytes, X ops; XX:XX:XX.X (XXX YYY/sec and XXX ops/sec)
read 1536/1536 bytes at offset 49664
1.500 KiB, X ops; XX:XX:XX.X (XXX YYY/sec and XXX ops/sec)
read 4096/4096 bytes at offset 51200
4 KiB, X ops; XX:XX:XX.X (XXX YYY/sec and XXX ops/sec)
read 1536/1536 bytes at offset 55296
1.500 KiB, X ops; XX:XX:XX.X (XXX YYY/sec and XXX ops/sec)
read 512/512 bytes at offset 56832
512 bytes, X ops; XX:XX:XX.X (XXX YYY/sec and XXX ops/sec)
read 4096/4096 bytes at offset 57344
4 KiB, X ops; XX:XX:XX.X (XXX YYY/sec and XXX ops/sec)
read 1024/1024 bytes at offset 63488
1 KiB, X ops; XX:XX:XX.X (XXX YYY/sec and XXX ops/sec)
read 1024/1024 bytes at offset 64512
1 KiB, X ops; XX:XX:XX.X (XXX YYY/sec and XXX ops/sec)
read 1024/1024 bytes at offset 65536
1 KiB, X ops; XX:XX:XX.X (XXX YYY/sec and XXX ops/sec)
read 1024/1024 bytes at offset 66560
1 KiB, X ops; XX:XX:XX.X (XXX YYY/sec and XXX ops/sec)
read 2048/2048 bytes at offset 71680
2 KiB, X ops; XX:XX:XX.X (XXX YYY/sec and XXX ops/sec)
No errors were found on the image.
*** done
