QA output created by 099
Formatting 'TEST_DIR/t.IMGFMT', fmt=IMGFMT size=131072
Formatting 'TEST_DIR/t.IMGFMT.compare', fmt=raw size=131072

=== Testing simple filename for blkverify ===

blkverify:TEST_DIR/t.IMGFMT.compare:TEST_DIR/t.IMGFMT

=== Testing filename reconstruction for blkverify ===

blkverify:TEST_DIR/t.IMGFMT.compare:TEST_DIR/t.IMGFMT

=== Testing JSON filename for blkdebug ===

json:{"driver": "IMGFMT", "file": {"image": {"driver": "file", "filename": "TEST_DIR/t.IMGFMT"}, "driver": "blkdebug", "inject-error.0.event": "l1_update"}}

=== Testing indirectly enforced JSON filename ===

json:{"driver": "raw", "file": {"test": {"driver": "IMGFMT", "file": {"image": {"driver": "file", "filename": "TEST_DIR/t.IMGFMT"}, "driver": "blkdebug", "inject-error.0.event": "l1_update"}}, "driver": "blkverify", "raw": {"driver": "file", "filename": "TEST_DIR/t.IMGFMT.compare"}}}

=== Testing plain filename for blkdebug ===

blkdebug:TEST_DIR/blkdebug.conf:TEST_DIR/t.IMGFMT

=== Testing plain filename for blkdebug without configuration file ===

blkdebug::TEST_DIR/t.IMGFMT
*** done
