QA output created by 101

== creating short image file ==
320+0 records in
320+0 records out

== reading bytes beyond EOF gives zeroes ==
read 512/512 bytes at offset 0
512 bytes, X ops; XX:XX:XX.X (XXX YYY/sec and XXX ops/sec)
*** done
