QA output created by 104
=== Check qemu-img info output ===

Formatting 'TEST_DIR/t.IMGFMT', fmt=IMGFMT size=1024
image: TEST_DIR/t.IMGFMT
file format: IMGFMT
virtual size: 1 KiB (1024 bytes)
Formatting 'TEST_DIR/t.IMGFMT', fmt=IMGFMT size=1234
image: TEST_DIR/t.IMGFMT
file format: IMGFMT
virtual size: 1.5 KiB (1536 bytes)
*** done
