...........................................................................................................................................................
----------------------------------------------------------------------
Ran 155 tests

OK
