......
----------------------------------------------------------------------
Ran 6 tests

OK
