QA output created by 190
== Huge file without bitmaps ==

Formatting 'TEST_DIR/t.IMGFMT', fmt=IMGFMT size=2199023255552
required size: 2199023255552
fully allocated size: 2199023255552
required size: 335806464
fully allocated size: 2199359062016
bitmaps size: 0
required size: 18874368
fully allocated size: 2199042129920
bitmaps size: 0

== Huge file with bitmaps ==

required size: 327680
fully allocated size: 10813440
required size: 2199023255552
fully allocated size: 2199023255552
required size: SIZE
fully allocated size: 17170432
required size: 335806464
fully allocated size: 2199359062016

expected bitmap 537198592
required size: 335806464
fully allocated size: 2199359062016
bitmaps size: 537198592

expected bitmap 545259520
{
    "bitmaps": 545259520,
    "required": 18874368,
    "fully-allocated": 2199042129920
}
*** done
