QA output created by 201
Formatting 'TEST_DIR/t.IMGFMT', fmt=IMGFMT size=67108864

=== Starting VMs ===


=== Set 'migrate_set_capability postcopy-ram on' and migrate ===


=== Check if migration was successful ===


=== On destination, execute savevm and loadvm ===

(qemu) savevm state1
(qemu) loadvm state1

=== Shut down and check image ===

(qemu) quit
(qemu) quit
No errors were found on the image.
*** done
