QA output created by 247

=== Try commit to backing file with auto-read-only ===

Formatting 'TEST_DIR/t.IMGFMT.0', fmt=IMGFMT size=134217728
Formatting 'TEST_DIR/t.IMGFMT.1', fmt=IMGFMT size=134217728
Formatting 'TEST_DIR/t.IMGFMT.2', fmt=IMGFMT size=134217728
Formatting 'TEST_DIR/t.IMGFMT.3', fmt=IMGFMT size=134217728
Formatting 'TEST_DIR/t.IMGFMT.4', fmt=IMGFMT size=134217728
QMP_VERSION
{"return": {}}
{"timestamp": {"seconds":  TIMESTAMP, "microseconds":  TIMESTAMP}, "event": "JOB_STATUS_CHANGE", "data": {"status": "created", "id": "job0"}}
{"timestamp": {"seconds":  TIMESTAMP, "microseconds":  TIMESTAMP}, "event": "JOB_STATUS_CHANGE", "data": {"status": "running", "id": "job0"}}
{"return": {}}
{"timestamp": {"seconds":  TIMESTAMP, "microseconds":  TIMESTAMP}, "event": "JOB_STATUS_CHANGE", "data": {"status": "waiting", "id": "job0"}}
{"timestamp": {"seconds":  TIMESTAMP, "microseconds":  TIMESTAMP}, "event": "JOB_STATUS_CHANGE", "data": {"status": "pending", "id": "job0"}}
{"timestamp": {"seconds":  TIMESTAMP, "microseconds":  TIMESTAMP}, "event": "BLOCK_JOB_COMPLETED", "data": {"device": "job0", "len": 134217728, "offset": 134217728, "speed": 0, "type": "commit"}}
{"timestamp": {"seconds":  TIMESTAMP, "microseconds":  TIMESTAMP}, "event": "JOB_STATUS_CHANGE", "data": {"status": "concluded", "id": "job0"}}
{"timestamp": {"seconds":  TIMESTAMP, "microseconds":  TIMESTAMP}, "event": "JOB_STATUS_CHANGE", "data": {"status": "null", "id": "job0"}}
{"timestamp": {"seconds":  TIMESTAMP, "microseconds":  TIMESTAMP}, "event": "SHUTDOWN", "data": {"guest": false, "reason": "host-qmp-quit"}}
{"return": {}}
*** done
