
{"return": {}}
{"execute": "job-dismiss", "arguments": {"id": "job0"}}
{"return": {}}
{"error": {"class": "GenericError", "desc": "Failed to get shared \"consistent read\" lock"}}
{"error": {"class": "GenericError", "desc": "Failed to get shared \"consistent read\" lock"}}
{"return": {}}
{"execute": "job-dismiss", "arguments": {"id": "job0"}}
{"return": {}}
qemu-img: Failed to get shared "consistent read" lock
Is another process using the image [TEST_DIR/test.img]?

.
{"error": {"class": "GenericError", "desc": "Block node is read-only"}}
{"error": {"class": "GenericError", "desc": "Failed to get shared \"consistent read\" lock"}}
{"error": {"class": "GenericError", "desc": "Failed to get shared \"consistent read\" lock"}}
{"return": {}}
{"execute": "job-dismiss", "arguments": {"id": "job0"}}
{"return": {}}
.
{"return": {}}
{"error": {"class": "GenericError", "desc": "Failed to get \"write\" lock"}}
.
{"return": {}}
{"return": {}}
.
----------------------------------------------------------------------
Ran 4 tests

OK
